Archive member included to satisfy reference by file (symbol)

e:/program files (x86)/atmel/studio/7.0/toolchain/arm/arm-gnu-toolchain/bin/../lib/gcc/arm-none-eabi/6.3.1/../../../../arm-none-eabi/lib/thumb/v6-m\libc.a(lib_a-exit.o)
                              e:/program files (x86)/atmel/studio/7.0/toolchain/arm/arm-gnu-toolchain/bin/../lib/gcc/arm-none-eabi/6.3.1/../../../../arm-none-eabi/lib/thumb/v6-m/crt0.o (exit)
e:/program files (x86)/atmel/studio/7.0/toolchain/arm/arm-gnu-toolchain/bin/../lib/gcc/arm-none-eabi/6.3.1/../../../../arm-none-eabi/lib/thumb/v6-m\libc.a(lib_a-impure.o)
                              e:/program files (x86)/atmel/studio/7.0/toolchain/arm/arm-gnu-toolchain/bin/../lib/gcc/arm-none-eabi/6.3.1/../../../../arm-none-eabi/lib/thumb/v6-m\libc.a(lib_a-exit.o) (_global_impure_ptr)
e:/program files (x86)/atmel/studio/7.0/toolchain/arm/arm-gnu-toolchain/bin/../lib/gcc/arm-none-eabi/6.3.1/../../../../arm-none-eabi/lib/thumb/v6-m\libc.a(lib_a-init.o)
                              e:/program files (x86)/atmel/studio/7.0/toolchain/arm/arm-gnu-toolchain/bin/../lib/gcc/arm-none-eabi/6.3.1/../../../../arm-none-eabi/lib/thumb/v6-m/crt0.o (__libc_init_array)
e:/program files (x86)/atmel/studio/7.0/toolchain/arm/arm-gnu-toolchain/bin/../lib/gcc/arm-none-eabi/6.3.1/../../../../arm-none-eabi/lib/thumb/v6-m\libc.a(lib_a-memset.o)
                              e:/program files (x86)/atmel/studio/7.0/toolchain/arm/arm-gnu-toolchain/bin/../lib/gcc/arm-none-eabi/6.3.1/../../../../arm-none-eabi/lib/thumb/v6-m/crt0.o (memset)
e:/program files (x86)/atmel/studio/7.0/toolchain/arm/arm-gnu-toolchain/bin/../lib/gcc/arm-none-eabi/6.3.1/../../../../arm-none-eabi/lib/thumb/v6-m\libc.a(lib_a-__call_atexit.o)
                              e:/program files (x86)/atmel/studio/7.0/toolchain/arm/arm-gnu-toolchain/bin/../lib/gcc/arm-none-eabi/6.3.1/../../../../arm-none-eabi/lib/thumb/v6-m\libc.a(lib_a-exit.o) (__call_exitprocs)
e:/program files (x86)/atmel/studio/7.0/toolchain/arm/arm-gnu-toolchain/bin/../lib/gcc/arm-none-eabi/6.3.1/../../../../arm-none-eabi/lib/thumb/v6-m\libc.a(lib_a-atexit.o)
                              e:/program files (x86)/atmel/studio/7.0/toolchain/arm/arm-gnu-toolchain/bin/../lib/gcc/arm-none-eabi/6.3.1/../../../../arm-none-eabi/lib/thumb/v6-m\libc.a(lib_a-__call_atexit.o) (atexit)
e:/program files (x86)/atmel/studio/7.0/toolchain/arm/arm-gnu-toolchain/bin/../lib/gcc/arm-none-eabi/6.3.1/../../../../arm-none-eabi/lib/thumb/v6-m\libc.a(lib_a-fini.o)
                              e:/program files (x86)/atmel/studio/7.0/toolchain/arm/arm-gnu-toolchain/bin/../lib/gcc/arm-none-eabi/6.3.1/../../../../arm-none-eabi/lib/thumb/v6-m\libc.a(lib_a-__call_atexit.o) (__libc_fini_array)
e:/program files (x86)/atmel/studio/7.0/toolchain/arm/arm-gnu-toolchain/bin/../lib/gcc/arm-none-eabi/6.3.1/../../../../arm-none-eabi/lib/thumb/v6-m\libc.a(lib_a-lock.o)
                              e:/program files (x86)/atmel/studio/7.0/toolchain/arm/arm-gnu-toolchain/bin/../lib/gcc/arm-none-eabi/6.3.1/../../../../arm-none-eabi/lib/thumb/v6-m\libc.a(lib_a-__call_atexit.o) (__retarget_lock_acquire_recursive)
e:/program files (x86)/atmel/studio/7.0/toolchain/arm/arm-gnu-toolchain/bin/../lib/gcc/arm-none-eabi/6.3.1/../../../../arm-none-eabi/lib/thumb/v6-m\libc.a(lib_a-__atexit.o)
                              e:/program files (x86)/atmel/studio/7.0/toolchain/arm/arm-gnu-toolchain/bin/../lib/gcc/arm-none-eabi/6.3.1/../../../../arm-none-eabi/lib/thumb/v6-m\libc.a(lib_a-atexit.o) (__register_exitproc)

Allocating common symbols
Common symbol       size              file

__lock___atexit_recursive_mutex
                    0x1               e:/program files (x86)/atmel/studio/7.0/toolchain/arm/arm-gnu-toolchain/bin/../lib/gcc/arm-none-eabi/6.3.1/../../../../arm-none-eabi/lib/thumb/v6-m\libc.a(lib_a-lock.o)
__lock___arc4random_mutex
                    0x1               e:/program files (x86)/atmel/studio/7.0/toolchain/arm/arm-gnu-toolchain/bin/../lib/gcc/arm-none-eabi/6.3.1/../../../../arm-none-eabi/lib/thumb/v6-m\libc.a(lib_a-lock.o)
__lock___env_recursive_mutex
                    0x1               e:/program files (x86)/atmel/studio/7.0/toolchain/arm/arm-gnu-toolchain/bin/../lib/gcc/arm-none-eabi/6.3.1/../../../../arm-none-eabi/lib/thumb/v6-m\libc.a(lib_a-lock.o)
__lock___sinit_recursive_mutex
                    0x1               e:/program files (x86)/atmel/studio/7.0/toolchain/arm/arm-gnu-toolchain/bin/../lib/gcc/arm-none-eabi/6.3.1/../../../../arm-none-eabi/lib/thumb/v6-m\libc.a(lib_a-lock.o)
__lock___malloc_recursive_mutex
                    0x1               e:/program files (x86)/atmel/studio/7.0/toolchain/arm/arm-gnu-toolchain/bin/../lib/gcc/arm-none-eabi/6.3.1/../../../../arm-none-eabi/lib/thumb/v6-m\libc.a(lib_a-lock.o)
__lock___at_quick_exit_mutex
                    0x1               e:/program files (x86)/atmel/studio/7.0/toolchain/arm/arm-gnu-toolchain/bin/../lib/gcc/arm-none-eabi/6.3.1/../../../../arm-none-eabi/lib/thumb/v6-m\libc.a(lib_a-lock.o)
__lock___dd_hash_mutex
                    0x1               e:/program files (x86)/atmel/studio/7.0/toolchain/arm/arm-gnu-toolchain/bin/../lib/gcc/arm-none-eabi/6.3.1/../../../../arm-none-eabi/lib/thumb/v6-m\libc.a(lib_a-lock.o)
__lock___tz_mutex   0x1               e:/program files (x86)/atmel/studio/7.0/toolchain/arm/arm-gnu-toolchain/bin/../lib/gcc/arm-none-eabi/6.3.1/../../../../arm-none-eabi/lib/thumb/v6-m\libc.a(lib_a-lock.o)
__lock___sfp_recursive_mutex
                    0x1               e:/program files (x86)/atmel/studio/7.0/toolchain/arm/arm-gnu-toolchain/bin/../lib/gcc/arm-none-eabi/6.3.1/../../../../arm-none-eabi/lib/thumb/v6-m\libc.a(lib_a-lock.o)

Discarded input sections

 .text          0x00000000        0x0 e:/program files (x86)/atmel/studio/7.0/toolchain/arm/arm-gnu-toolchain/bin/../lib/gcc/arm-none-eabi/6.3.1/thumb/v6-m/crti.o
 .data          0x00000000        0x0 e:/program files (x86)/atmel/studio/7.0/toolchain/arm/arm-gnu-toolchain/bin/../lib/gcc/arm-none-eabi/6.3.1/thumb/v6-m/crti.o
 .bss           0x00000000        0x0 e:/program files (x86)/atmel/studio/7.0/toolchain/arm/arm-gnu-toolchain/bin/../lib/gcc/arm-none-eabi/6.3.1/thumb/v6-m/crti.o
 .data          0x00000000        0x4 e:/program files (x86)/atmel/studio/7.0/toolchain/arm/arm-gnu-toolchain/bin/../lib/gcc/arm-none-eabi/6.3.1/thumb/v6-m/crtbegin.o
 .text          0x00000000       0x78 e:/program files (x86)/atmel/studio/7.0/toolchain/arm/arm-gnu-toolchain/bin/../lib/gcc/arm-none-eabi/6.3.1/../../../../arm-none-eabi/lib/thumb/v6-m/crt0.o
 .data          0x00000000        0x0 e:/program files (x86)/atmel/studio/7.0/toolchain/arm/arm-gnu-toolchain/bin/../lib/gcc/arm-none-eabi/6.3.1/../../../../arm-none-eabi/lib/thumb/v6-m/crt0.o
 .bss           0x00000000        0x0 e:/program files (x86)/atmel/studio/7.0/toolchain/arm/arm-gnu-toolchain/bin/../lib/gcc/arm-none-eabi/6.3.1/../../../../arm-none-eabi/lib/thumb/v6-m/crt0.o
 .ARM.extab     0x00000000        0x0 e:/program files (x86)/atmel/studio/7.0/toolchain/arm/arm-gnu-toolchain/bin/../lib/gcc/arm-none-eabi/6.3.1/../../../../arm-none-eabi/lib/thumb/v6-m/crt0.o
 .ARM.exidx     0x00000000        0x8 e:/program files (x86)/atmel/studio/7.0/toolchain/arm/arm-gnu-toolchain/bin/../lib/gcc/arm-none-eabi/6.3.1/../../../../arm-none-eabi/lib/thumb/v6-m/crt0.o
 .ARM.attributes
                0x00000000       0x1b e:/program files (x86)/atmel/studio/7.0/toolchain/arm/arm-gnu-toolchain/bin/../lib/gcc/arm-none-eabi/6.3.1/../../../../arm-none-eabi/lib/thumb/v6-m/crt0.o
 .group         0x00000000        0x8 Device_Startup/startup_samr21.o
 .group         0x00000000        0x8 Device_Startup/startup_samr21.o
 .group         0x00000000        0x8 Device_Startup/startup_samr21.o
 .group         0x00000000        0x8 Device_Startup/startup_samr21.o
 .group         0x00000000        0x8 Device_Startup/startup_samr21.o
 .group         0x00000000        0x8 Device_Startup/startup_samr21.o
 .group         0x00000000        0x8 Device_Startup/startup_samr21.o
 .group         0x00000000        0x8 Device_Startup/startup_samr21.o
 .group         0x00000000        0x8 Device_Startup/startup_samr21.o
 .group         0x00000000        0x8 Device_Startup/startup_samr21.o
 .group         0x00000000        0x8 Device_Startup/startup_samr21.o
 .group         0x00000000        0x8 Device_Startup/startup_samr21.o
 .group         0x00000000        0x8 Device_Startup/startup_samr21.o
 .group         0x00000000        0x8 Device_Startup/startup_samr21.o
 .group         0x00000000        0x8 Device_Startup/startup_samr21.o
 .group         0x00000000        0x8 Device_Startup/startup_samr21.o
 .group         0x00000000        0x8 Device_Startup/startup_samr21.o
 .group         0x00000000        0x8 Device_Startup/startup_samr21.o
 .group         0x00000000        0x8 Device_Startup/startup_samr21.o
 .group         0x00000000        0x8 Device_Startup/startup_samr21.o
 .group         0x00000000        0x8 Device_Startup/startup_samr21.o
 .group         0x00000000        0x8 Device_Startup/startup_samr21.o
 .group         0x00000000        0x8 Device_Startup/startup_samr21.o
 .group         0x00000000        0x8 Device_Startup/startup_samr21.o
 .group         0x00000000        0x8 Device_Startup/startup_samr21.o
 .group         0x00000000        0x8 Device_Startup/startup_samr21.o
 .group         0x00000000        0x8 Device_Startup/startup_samr21.o
 .group         0x00000000        0x8 Device_Startup/startup_samr21.o
 .group         0x00000000        0x8 Device_Startup/startup_samr21.o
 .group         0x00000000        0x8 Device_Startup/startup_samr21.o
 .group         0x00000000        0x8 Device_Startup/startup_samr21.o
 .group         0x00000000        0x8 Device_Startup/startup_samr21.o
 .group         0x00000000        0x8 Device_Startup/startup_samr21.o
 .group         0x00000000        0x8 Device_Startup/startup_samr21.o
 .group         0x00000000        0x8 Device_Startup/startup_samr21.o
 .group         0x00000000        0x8 Device_Startup/startup_samr21.o
 .group         0x00000000        0x8 Device_Startup/startup_samr21.o
 .group         0x00000000        0x8 Device_Startup/startup_samr21.o
 .group         0x00000000        0x8 Device_Startup/startup_samr21.o
 .group         0x00000000        0x8 Device_Startup/startup_samr21.o
 .group         0x00000000        0x8 Device_Startup/startup_samr21.o
 .group         0x00000000        0x8 Device_Startup/startup_samr21.o
 .group         0x00000000        0x8 Device_Startup/startup_samr21.o
 .group         0x00000000        0x8 Device_Startup/startup_samr21.o
 .group         0x00000000        0x8 Device_Startup/startup_samr21.o
 .group         0x00000000        0x8 Device_Startup/startup_samr21.o
 .group         0x00000000        0x8 Device_Startup/startup_samr21.o
 .group         0x00000000        0x8 Device_Startup/startup_samr21.o
 .group         0x00000000        0x8 Device_Startup/startup_samr21.o
 .group         0x00000000        0x8 Device_Startup/startup_samr21.o
 .group         0x00000000        0x8 Device_Startup/startup_samr21.o
 .group         0x00000000        0x8 Device_Startup/startup_samr21.o
 .group         0x00000000        0x8 Device_Startup/startup_samr21.o
 .group         0x00000000        0x8 Device_Startup/startup_samr21.o
 .group         0x00000000        0x8 Device_Startup/startup_samr21.o
 .group         0x00000000        0x8 Device_Startup/startup_samr21.o
 .group         0x00000000        0x8 Device_Startup/startup_samr21.o
 .group         0x00000000        0x8 Device_Startup/startup_samr21.o
 .group         0x00000000        0x8 Device_Startup/startup_samr21.o
 .group         0x00000000        0x8 Device_Startup/startup_samr21.o
 .group         0x00000000        0x8 Device_Startup/startup_samr21.o
 .group         0x00000000        0x8 Device_Startup/startup_samr21.o
 .group         0x00000000        0x8 Device_Startup/startup_samr21.o
 .group         0x00000000        0x8 Device_Startup/startup_samr21.o
 .group         0x00000000        0x8 Device_Startup/startup_samr21.o
 .group         0x00000000        0x8 Device_Startup/startup_samr21.o
 .group         0x00000000        0x8 Device_Startup/startup_samr21.o
 .group         0x00000000        0x8 Device_Startup/startup_samr21.o
 .group         0x00000000        0x8 Device_Startup/startup_samr21.o
 .group         0x00000000        0x8 Device_Startup/startup_samr21.o
 .group         0x00000000        0x8 Device_Startup/startup_samr21.o
 .text          0x00000000        0x0 Device_Startup/startup_samr21.o
 .data          0x00000000        0x0 Device_Startup/startup_samr21.o
 .bss           0x00000000        0x0 Device_Startup/startup_samr21.o
 .group         0x00000000        0x8 Device_Startup/system_samr21.o
 .group         0x00000000        0x8 Device_Startup/system_samr21.o
 .group         0x00000000        0x8 Device_Startup/system_samr21.o
 .group         0x00000000        0x8 Device_Startup/system_samr21.o
 .group         0x00000000        0x8 Device_Startup/system_samr21.o
 .group         0x00000000        0x8 Device_Startup/system_samr21.o
 .group         0x00000000        0x8 Device_Startup/system_samr21.o
 .group         0x00000000        0x8 Device_Startup/system_samr21.o
 .group         0x00000000        0x8 Device_Startup/system_samr21.o
 .group         0x00000000        0x8 Device_Startup/system_samr21.o
 .group         0x00000000        0x8 Device_Startup/system_samr21.o
 .group         0x00000000        0x8 Device_Startup/system_samr21.o
 .group         0x00000000        0x8 Device_Startup/system_samr21.o
 .group         0x00000000        0x8 Device_Startup/system_samr21.o
 .group         0x00000000        0x8 Device_Startup/system_samr21.o
 .group         0x00000000        0x8 Device_Startup/system_samr21.o
 .group         0x00000000        0x8 Device_Startup/system_samr21.o
 .group         0x00000000        0x8 Device_Startup/system_samr21.o
 .group         0x00000000        0x8 Device_Startup/system_samr21.o
 .group         0x00000000        0x8 Device_Startup/system_samr21.o
 .group         0x00000000        0x8 Device_Startup/system_samr21.o
 .group         0x00000000        0x8 Device_Startup/system_samr21.o
 .group         0x00000000        0x8 Device_Startup/system_samr21.o
 .group         0x00000000        0x8 Device_Startup/system_samr21.o
 .group         0x00000000        0x8 Device_Startup/system_samr21.o
 .group         0x00000000        0x8 Device_Startup/system_samr21.o
 .group         0x00000000        0x8 Device_Startup/system_samr21.o
 .group         0x00000000        0x8 Device_Startup/system_samr21.o
 .group         0x00000000        0x8 Device_Startup/system_samr21.o
 .group         0x00000000        0x8 Device_Startup/system_samr21.o
 .group         0x00000000        0x8 Device_Startup/system_samr21.o
 .group         0x00000000        0x8 Device_Startup/system_samr21.o
 .group         0x00000000        0x8 Device_Startup/system_samr21.o
 .group         0x00000000        0x8 Device_Startup/system_samr21.o
 .group         0x00000000        0x8 Device_Startup/system_samr21.o
 .group         0x00000000        0x8 Device_Startup/system_samr21.o
 .group         0x00000000        0x8 Device_Startup/system_samr21.o
 .group         0x00000000        0x8 Device_Startup/system_samr21.o
 .group         0x00000000        0x8 Device_Startup/system_samr21.o
 .group         0x00000000        0x8 Device_Startup/system_samr21.o
 .group         0x00000000        0x8 Device_Startup/system_samr21.o
 .group         0x00000000        0x8 Device_Startup/system_samr21.o
 .group         0x00000000        0x8 Device_Startup/system_samr21.o
 .group         0x00000000        0x8 Device_Startup/system_samr21.o
 .group         0x00000000        0x8 Device_Startup/system_samr21.o
 .group         0x00000000        0x8 Device_Startup/system_samr21.o
 .group         0x00000000        0x8 Device_Startup/system_samr21.o
 .group         0x00000000        0x8 Device_Startup/system_samr21.o
 .group         0x00000000        0x8 Device_Startup/system_samr21.o
 .group         0x00000000        0x8 Device_Startup/system_samr21.o
 .group         0x00000000        0x8 Device_Startup/system_samr21.o
 .group         0x00000000        0x8 Device_Startup/system_samr21.o
 .group         0x00000000        0x8 Device_Startup/system_samr21.o
 .group         0x00000000        0x8 Device_Startup/system_samr21.o
 .group         0x00000000        0x8 Device_Startup/system_samr21.o
 .group         0x00000000        0x8 Device_Startup/system_samr21.o
 .group         0x00000000        0x8 Device_Startup/system_samr21.o
 .group         0x00000000        0x8 Device_Startup/system_samr21.o
 .group         0x00000000        0x8 Device_Startup/system_samr21.o
 .group         0x00000000        0x8 Device_Startup/system_samr21.o
 .group         0x00000000        0x8 Device_Startup/system_samr21.o
 .group         0x00000000        0x8 Device_Startup/system_samr21.o
 .group         0x00000000        0x8 Device_Startup/system_samr21.o
 .group         0x00000000        0x8 Device_Startup/system_samr21.o
 .group         0x00000000        0x8 Device_Startup/system_samr21.o
 .group         0x00000000        0x8 Device_Startup/system_samr21.o
 .group         0x00000000        0x8 Device_Startup/system_samr21.o
 .group         0x00000000        0x8 Device_Startup/system_samr21.o
 .group         0x00000000        0x8 Device_Startup/system_samr21.o
 .group         0x00000000        0x8 Device_Startup/system_samr21.o
 .group         0x00000000        0x8 Device_Startup/system_samr21.o
 .text          0x00000000        0x0 Device_Startup/system_samr21.o
 .bss           0x00000000        0x0 Device_Startup/system_samr21.o
 .text.SystemCoreClockUpdate
                0x00000000       0x10 Device_Startup/system_samr21.o
 .debug_macro   0x00000000      0x89e Device_Startup/system_samr21.o
 .debug_macro   0x00000000       0x22 Device_Startup/system_samr21.o
 .debug_macro   0x00000000       0x87 Device_Startup/system_samr21.o
 .debug_macro   0x00000000       0x51 Device_Startup/system_samr21.o
 .debug_macro   0x00000000       0xef Device_Startup/system_samr21.o
 .debug_macro   0x00000000       0x6a Device_Startup/system_samr21.o
 .debug_macro   0x00000000      0x1df Device_Startup/system_samr21.o
 .debug_macro   0x00000000       0x40 Device_Startup/system_samr21.o
 .debug_macro   0x00000000       0x28 Device_Startup/system_samr21.o
 .debug_macro   0x00000000       0x85 Device_Startup/system_samr21.o
 .debug_macro   0x00000000      0x375 Device_Startup/system_samr21.o
 .debug_macro   0x00000000      0x67d Device_Startup/system_samr21.o
 .debug_macro   0x00000000      0x8b0 Device_Startup/system_samr21.o
 .debug_macro   0x00000000      0x22e Device_Startup/system_samr21.o
 .debug_macro   0x00000000      0xd5c Device_Startup/system_samr21.o
 .debug_macro   0x00000000      0x4c6 Device_Startup/system_samr21.o
 .debug_macro   0x00000000      0x9f6 Device_Startup/system_samr21.o
 .debug_macro   0x00000000      0x82a Device_Startup/system_samr21.o
 .debug_macro   0x00000000      0x450 Device_Startup/system_samr21.o
 .debug_macro   0x00000000       0x5e Device_Startup/system_samr21.o
 .debug_macro   0x00000000      0x21c Device_Startup/system_samr21.o
 .debug_macro   0x00000000      0x734 Device_Startup/system_samr21.o
 .debug_macro   0x00000000       0x5e Device_Startup/system_samr21.o
 .debug_macro   0x00000000      0x631 Device_Startup/system_samr21.o
 .debug_macro   0x00000000      0x3ab Device_Startup/system_samr21.o
 .debug_macro   0x00000000       0x94 Device_Startup/system_samr21.o
 .debug_macro   0x00000000      0xc75 Device_Startup/system_samr21.o
 .debug_macro   0x00000000     0x1092 Device_Startup/system_samr21.o
 .debug_macro   0x00000000      0xc4a Device_Startup/system_samr21.o
 .debug_macro   0x00000000      0x6ba Device_Startup/system_samr21.o
 .debug_macro   0x00000000     0x1b3c Device_Startup/system_samr21.o
 .debug_macro   0x00000000     0x143b Device_Startup/system_samr21.o
 .debug_macro   0x00000000      0x33f Device_Startup/system_samr21.o
 .debug_macro   0x00000000       0x7c Device_Startup/system_samr21.o
 .debug_macro   0x00000000       0xa0 Device_Startup/system_samr21.o
 .debug_macro   0x00000000       0x4c Device_Startup/system_samr21.o
 .debug_macro   0x00000000       0xca Device_Startup/system_samr21.o
 .debug_macro   0x00000000       0x94 Device_Startup/system_samr21.o
 .debug_macro   0x00000000       0x58 Device_Startup/system_samr21.o
 .debug_macro   0x00000000      0x340 Device_Startup/system_samr21.o
 .debug_macro   0x00000000       0x82 Device_Startup/system_samr21.o
 .debug_macro   0x00000000      0x188 Device_Startup/system_samr21.o
 .debug_macro   0x00000000       0xa0 Device_Startup/system_samr21.o
 .debug_macro   0x00000000       0xb2 Device_Startup/system_samr21.o
 .debug_macro   0x00000000       0x1c Device_Startup/system_samr21.o
 .debug_macro   0x00000000       0x1c Device_Startup/system_samr21.o
 .debug_macro   0x00000000       0x1c Device_Startup/system_samr21.o
 .debug_macro   0x00000000       0x7c Device_Startup/system_samr21.o
 .debug_macro   0x00000000      0x1ba Device_Startup/system_samr21.o
 .debug_macro   0x00000000       0x16 Device_Startup/system_samr21.o
 .debug_macro   0x00000000       0xdc Device_Startup/system_samr21.o
 .debug_macro   0x00000000      0x124 Device_Startup/system_samr21.o
 .debug_macro   0x00000000      0x124 Device_Startup/system_samr21.o
 .debug_macro   0x00000000      0x124 Device_Startup/system_samr21.o
 .debug_macro   0x00000000      0x124 Device_Startup/system_samr21.o
 .debug_macro   0x00000000      0x124 Device_Startup/system_samr21.o
 .debug_macro   0x00000000      0x124 Device_Startup/system_samr21.o
 .debug_macro   0x00000000      0x124 Device_Startup/system_samr21.o
 .debug_macro   0x00000000       0xe2 Device_Startup/system_samr21.o
 .debug_macro   0x00000000       0xe2 Device_Startup/system_samr21.o
 .debug_macro   0x00000000       0xe2 Device_Startup/system_samr21.o
 .debug_macro   0x00000000       0xe2 Device_Startup/system_samr21.o
 .debug_macro   0x00000000       0xe2 Device_Startup/system_samr21.o
 .debug_macro   0x00000000      0x12a Device_Startup/system_samr21.o
 .debug_macro   0x00000000      0x100 Device_Startup/system_samr21.o
 .debug_macro   0x00000000       0xf4 Device_Startup/system_samr21.o
 .debug_macro   0x00000000      0x40f Device_Startup/system_samr21.o
 .debug_macro   0x00000000       0x40 Device_Startup/system_samr21.o
 .debug_macro   0x00000000      0x392 Device_Startup/system_samr21.o
 .debug_macro   0x00000000     0x192e Device_Startup/system_samr21.o
 .debug_macro   0x00000000       0x74 Device_Startup/system_samr21.o
 .group         0x00000000        0x8 main.o
 .group         0x00000000        0x8 main.o
 .group         0x00000000        0x8 main.o
 .group         0x00000000        0x8 main.o
 .group         0x00000000        0x8 main.o
 .group         0x00000000        0x8 main.o
 .group         0x00000000        0x8 main.o
 .group         0x00000000        0x8 main.o
 .group         0x00000000        0x8 main.o
 .group         0x00000000        0x8 main.o
 .group         0x00000000        0x8 main.o
 .group         0x00000000        0x8 main.o
 .group         0x00000000        0x8 main.o
 .group         0x00000000        0x8 main.o
 .group         0x00000000        0x8 main.o
 .group         0x00000000        0x8 main.o
 .group         0x00000000        0x8 main.o
 .group         0x00000000        0x8 main.o
 .group         0x00000000        0x8 main.o
 .group         0x00000000        0x8 main.o
 .group         0x00000000        0x8 main.o
 .group         0x00000000        0x8 main.o
 .group         0x00000000        0x8 main.o
 .group         0x00000000        0x8 main.o
 .group         0x00000000        0x8 main.o
 .group         0x00000000        0x8 main.o
 .group         0x00000000        0x8 main.o
 .group         0x00000000        0x8 main.o
 .group         0x00000000        0x8 main.o
 .group         0x00000000        0x8 main.o
 .group         0x00000000        0x8 main.o
 .group         0x00000000        0x8 main.o
 .group         0x00000000        0x8 main.o
 .group         0x00000000        0x8 main.o
 .group         0x00000000        0x8 main.o
 .group         0x00000000        0x8 main.o
 .group         0x00000000        0x8 main.o
 .group         0x00000000        0x8 main.o
 .group         0x00000000        0x8 main.o
 .group         0x00000000        0x8 main.o
 .group         0x00000000        0x8 main.o
 .group         0x00000000        0x8 main.o
 .group         0x00000000        0x8 main.o
 .group         0x00000000        0x8 main.o
 .group         0x00000000        0x8 main.o
 .group         0x00000000        0x8 main.o
 .group         0x00000000        0x8 main.o
 .group         0x00000000        0x8 main.o
 .group         0x00000000        0x8 main.o
 .group         0x00000000        0x8 main.o
 .group         0x00000000        0x8 main.o
 .group         0x00000000        0x8 main.o
 .group         0x00000000        0x8 main.o
 .group         0x00000000        0x8 main.o
 .group         0x00000000        0x8 main.o
 .group         0x00000000        0x8 main.o
 .group         0x00000000        0x8 main.o
 .group         0x00000000        0x8 main.o
 .group         0x00000000        0x8 main.o
 .group         0x00000000        0x8 main.o
 .group         0x00000000        0x8 main.o
 .group         0x00000000        0x8 main.o
 .group         0x00000000        0x8 main.o
 .group         0x00000000        0x8 main.o
 .group         0x00000000        0x8 main.o
 .group         0x00000000        0x8 main.o
 .group         0x00000000        0x8 main.o
 .group         0x00000000        0x8 main.o
 .group         0x00000000        0x8 main.o
 .group         0x00000000        0x8 main.o
 .group         0x00000000        0x8 main.o
 .text          0x00000000        0x0 main.o
 .data          0x00000000        0x0 main.o
 .bss           0x00000000        0x0 main.o
 .debug_macro   0x00000000      0x89e main.o
 .debug_macro   0x00000000       0x22 main.o
 .debug_macro   0x00000000       0x87 main.o
 .debug_macro   0x00000000       0x51 main.o
 .debug_macro   0x00000000       0xef main.o
 .debug_macro   0x00000000       0x6a main.o
 .debug_macro   0x00000000      0x1df main.o
 .debug_macro   0x00000000       0x40 main.o
 .debug_macro   0x00000000       0x28 main.o
 .debug_macro   0x00000000       0x85 main.o
 .debug_macro   0x00000000      0x375 main.o
 .debug_macro   0x00000000      0x67d main.o
 .debug_macro   0x00000000      0x8b0 main.o
 .debug_macro   0x00000000      0x22e main.o
 .debug_macro   0x00000000      0xd5c main.o
 .debug_macro   0x00000000      0x4c6 main.o
 .debug_macro   0x00000000      0x9f6 main.o
 .debug_macro   0x00000000      0x82a main.o
 .debug_macro   0x00000000      0x450 main.o
 .debug_macro   0x00000000       0x5e main.o
 .debug_macro   0x00000000      0x21c main.o
 .debug_macro   0x00000000      0x734 main.o
 .debug_macro   0x00000000       0x5e main.o
 .debug_macro   0x00000000      0x631 main.o
 .debug_macro   0x00000000      0x3ab main.o
 .debug_macro   0x00000000       0x94 main.o
 .debug_macro   0x00000000      0xc75 main.o
 .debug_macro   0x00000000     0x1092 main.o
 .debug_macro   0x00000000      0xc4a main.o
 .debug_macro   0x00000000      0x6ba main.o
 .debug_macro   0x00000000     0x1b3c main.o
 .debug_macro   0x00000000     0x143b main.o
 .debug_macro   0x00000000      0x33f main.o
 .debug_macro   0x00000000       0x7c main.o
 .debug_macro   0x00000000       0xa0 main.o
 .debug_macro   0x00000000       0x4c main.o
 .debug_macro   0x00000000       0xca main.o
 .debug_macro   0x00000000       0x94 main.o
 .debug_macro   0x00000000       0x58 main.o
 .debug_macro   0x00000000      0x340 main.o
 .debug_macro   0x00000000       0x82 main.o
 .debug_macro   0x00000000      0x188 main.o
 .debug_macro   0x00000000       0xa0 main.o
 .debug_macro   0x00000000       0xb2 main.o
 .debug_macro   0x00000000       0x1c main.o
 .debug_macro   0x00000000       0x1c main.o
 .debug_macro   0x00000000       0x1c main.o
 .debug_macro   0x00000000       0x7c main.o
 .debug_macro   0x00000000      0x1ba main.o
 .debug_macro   0x00000000       0x16 main.o
 .debug_macro   0x00000000       0xdc main.o
 .debug_macro   0x00000000      0x124 main.o
 .debug_macro   0x00000000      0x124 main.o
 .debug_macro   0x00000000      0x124 main.o
 .debug_macro   0x00000000      0x124 main.o
 .debug_macro   0x00000000      0x124 main.o
 .debug_macro   0x00000000      0x124 main.o
 .debug_macro   0x00000000      0x124 main.o
 .debug_macro   0x00000000       0xe2 main.o
 .debug_macro   0x00000000       0xe2 main.o
 .debug_macro   0x00000000       0xe2 main.o
 .debug_macro   0x00000000       0xe2 main.o
 .debug_macro   0x00000000       0xe2 main.o
 .debug_macro   0x00000000      0x12a main.o
 .debug_macro   0x00000000      0x100 main.o
 .debug_macro   0x00000000       0xf4 main.o
 .debug_macro   0x00000000      0x40f main.o
 .debug_macro   0x00000000       0x40 main.o
 .debug_macro   0x00000000      0x392 main.o
 .debug_macro   0x00000000     0x192e main.o
 .debug_macro   0x00000000       0x74 main.o
 .text          0x00000000        0x0 e:/program files (x86)/atmel/studio/7.0/toolchain/arm/arm-gnu-toolchain/bin/../lib/gcc/arm-none-eabi/6.3.1/../../../../arm-none-eabi/lib/thumb/v6-m\libc.a(lib_a-exit.o)
 .data          0x00000000        0x0 e:/program files (x86)/atmel/studio/7.0/toolchain/arm/arm-gnu-toolchain/bin/../lib/gcc/arm-none-eabi/6.3.1/../../../../arm-none-eabi/lib/thumb/v6-m\libc.a(lib_a-exit.o)
 .bss           0x00000000        0x0 e:/program files (x86)/atmel/studio/7.0/toolchain/arm/arm-gnu-toolchain/bin/../lib/gcc/arm-none-eabi/6.3.1/../../../../arm-none-eabi/lib/thumb/v6-m\libc.a(lib_a-exit.o)
 .text.exit     0x00000000       0x20 e:/program files (x86)/atmel/studio/7.0/toolchain/arm/arm-gnu-toolchain/bin/../lib/gcc/arm-none-eabi/6.3.1/../../../../arm-none-eabi/lib/thumb/v6-m\libc.a(lib_a-exit.o)
 .debug_frame   0x00000000       0x28 e:/program files (x86)/atmel/studio/7.0/toolchain/arm/arm-gnu-toolchain/bin/../lib/gcc/arm-none-eabi/6.3.1/../../../../arm-none-eabi/lib/thumb/v6-m\libc.a(lib_a-exit.o)
 .ARM.attributes
                0x00000000       0x2c e:/program files (x86)/atmel/studio/7.0/toolchain/arm/arm-gnu-toolchain/bin/../lib/gcc/arm-none-eabi/6.3.1/../../../../arm-none-eabi/lib/thumb/v6-m\libc.a(lib_a-exit.o)
 .text          0x00000000        0x0 e:/program files (x86)/atmel/studio/7.0/toolchain/arm/arm-gnu-toolchain/bin/../lib/gcc/arm-none-eabi/6.3.1/../../../../arm-none-eabi/lib/thumb/v6-m\libc.a(lib_a-impure.o)
 .data          0x00000000        0x0 e:/program files (x86)/atmel/studio/7.0/toolchain/arm/arm-gnu-toolchain/bin/../lib/gcc/arm-none-eabi/6.3.1/../../../../arm-none-eabi/lib/thumb/v6-m\libc.a(lib_a-impure.o)
 .bss           0x00000000        0x0 e:/program files (x86)/atmel/studio/7.0/toolchain/arm/arm-gnu-toolchain/bin/../lib/gcc/arm-none-eabi/6.3.1/../../../../arm-none-eabi/lib/thumb/v6-m\libc.a(lib_a-impure.o)
 .data._impure_ptr
                0x00000000        0x4 e:/program files (x86)/atmel/studio/7.0/toolchain/arm/arm-gnu-toolchain/bin/../lib/gcc/arm-none-eabi/6.3.1/../../../../arm-none-eabi/lib/thumb/v6-m\libc.a(lib_a-impure.o)
 .text          0x00000000        0x0 e:/program files (x86)/atmel/studio/7.0/toolchain/arm/arm-gnu-toolchain/bin/../lib/gcc/arm-none-eabi/6.3.1/../../../../arm-none-eabi/lib/thumb/v6-m\libc.a(lib_a-init.o)
 .data          0x00000000        0x0 e:/program files (x86)/atmel/studio/7.0/toolchain/arm/arm-gnu-toolchain/bin/../lib/gcc/arm-none-eabi/6.3.1/../../../../arm-none-eabi/lib/thumb/v6-m\libc.a(lib_a-init.o)
 .bss           0x00000000        0x0 e:/program files (x86)/atmel/studio/7.0/toolchain/arm/arm-gnu-toolchain/bin/../lib/gcc/arm-none-eabi/6.3.1/../../../../arm-none-eabi/lib/thumb/v6-m\libc.a(lib_a-init.o)
 .text          0x00000000        0x0 e:/program files (x86)/atmel/studio/7.0/toolchain/arm/arm-gnu-toolchain/bin/../lib/gcc/arm-none-eabi/6.3.1/../../../../arm-none-eabi/lib/thumb/v6-m\libc.a(lib_a-memset.o)
 .data          0x00000000        0x0 e:/program files (x86)/atmel/studio/7.0/toolchain/arm/arm-gnu-toolchain/bin/../lib/gcc/arm-none-eabi/6.3.1/../../../../arm-none-eabi/lib/thumb/v6-m\libc.a(lib_a-memset.o)
 .bss           0x00000000        0x0 e:/program files (x86)/atmel/studio/7.0/toolchain/arm/arm-gnu-toolchain/bin/../lib/gcc/arm-none-eabi/6.3.1/../../../../arm-none-eabi/lib/thumb/v6-m\libc.a(lib_a-memset.o)
 .text.memset   0x00000000       0x94 e:/program files (x86)/atmel/studio/7.0/toolchain/arm/arm-gnu-toolchain/bin/../lib/gcc/arm-none-eabi/6.3.1/../../../../arm-none-eabi/lib/thumb/v6-m\libc.a(lib_a-memset.o)
 .debug_frame   0x00000000       0x30 e:/program files (x86)/atmel/studio/7.0/toolchain/arm/arm-gnu-toolchain/bin/../lib/gcc/arm-none-eabi/6.3.1/../../../../arm-none-eabi/lib/thumb/v6-m\libc.a(lib_a-memset.o)
 .ARM.attributes
                0x00000000       0x2c e:/program files (x86)/atmel/studio/7.0/toolchain/arm/arm-gnu-toolchain/bin/../lib/gcc/arm-none-eabi/6.3.1/../../../../arm-none-eabi/lib/thumb/v6-m\libc.a(lib_a-memset.o)
 .text          0x00000000        0x0 e:/program files (x86)/atmel/studio/7.0/toolchain/arm/arm-gnu-toolchain/bin/../lib/gcc/arm-none-eabi/6.3.1/../../../../arm-none-eabi/lib/thumb/v6-m\libc.a(lib_a-__call_atexit.o)
 .data          0x00000000        0x0 e:/program files (x86)/atmel/studio/7.0/toolchain/arm/arm-gnu-toolchain/bin/../lib/gcc/arm-none-eabi/6.3.1/../../../../arm-none-eabi/lib/thumb/v6-m\libc.a(lib_a-__call_atexit.o)
 .bss           0x00000000        0x0 e:/program files (x86)/atmel/studio/7.0/toolchain/arm/arm-gnu-toolchain/bin/../lib/gcc/arm-none-eabi/6.3.1/../../../../arm-none-eabi/lib/thumb/v6-m\libc.a(lib_a-__call_atexit.o)
 .text.__call_exitprocs
                0x00000000      0x110 e:/program files (x86)/atmel/studio/7.0/toolchain/arm/arm-gnu-toolchain/bin/../lib/gcc/arm-none-eabi/6.3.1/../../../../arm-none-eabi/lib/thumb/v6-m\libc.a(lib_a-__call_atexit.o)
 .text          0x00000000        0x0 e:/program files (x86)/atmel/studio/7.0/toolchain/arm/arm-gnu-toolchain/bin/../lib/gcc/arm-none-eabi/6.3.1/../../../../arm-none-eabi/lib/thumb/v6-m\libc.a(lib_a-atexit.o)
 .data          0x00000000        0x0 e:/program files (x86)/atmel/studio/7.0/toolchain/arm/arm-gnu-toolchain/bin/../lib/gcc/arm-none-eabi/6.3.1/../../../../arm-none-eabi/lib/thumb/v6-m\libc.a(lib_a-atexit.o)
 .bss           0x00000000        0x0 e:/program files (x86)/atmel/studio/7.0/toolchain/arm/arm-gnu-toolchain/bin/../lib/gcc/arm-none-eabi/6.3.1/../../../../arm-none-eabi/lib/thumb/v6-m\libc.a(lib_a-atexit.o)
 .text          0x00000000        0x0 e:/program files (x86)/atmel/studio/7.0/toolchain/arm/arm-gnu-toolchain/bin/../lib/gcc/arm-none-eabi/6.3.1/../../../../arm-none-eabi/lib/thumb/v6-m\libc.a(lib_a-fini.o)
 .data          0x00000000        0x0 e:/program files (x86)/atmel/studio/7.0/toolchain/arm/arm-gnu-toolchain/bin/../lib/gcc/arm-none-eabi/6.3.1/../../../../arm-none-eabi/lib/thumb/v6-m\libc.a(lib_a-fini.o)
 .bss           0x00000000        0x0 e:/program files (x86)/atmel/studio/7.0/toolchain/arm/arm-gnu-toolchain/bin/../lib/gcc/arm-none-eabi/6.3.1/../../../../arm-none-eabi/lib/thumb/v6-m\libc.a(lib_a-fini.o)
 .text          0x00000000        0x0 e:/program files (x86)/atmel/studio/7.0/toolchain/arm/arm-gnu-toolchain/bin/../lib/gcc/arm-none-eabi/6.3.1/../../../../arm-none-eabi/lib/thumb/v6-m\libc.a(lib_a-lock.o)
 .data          0x00000000        0x0 e:/program files (x86)/atmel/studio/7.0/toolchain/arm/arm-gnu-toolchain/bin/../lib/gcc/arm-none-eabi/6.3.1/../../../../arm-none-eabi/lib/thumb/v6-m\libc.a(lib_a-lock.o)
 .bss           0x00000000        0x0 e:/program files (x86)/atmel/studio/7.0/toolchain/arm/arm-gnu-toolchain/bin/../lib/gcc/arm-none-eabi/6.3.1/../../../../arm-none-eabi/lib/thumb/v6-m\libc.a(lib_a-lock.o)
 .text.__retarget_lock_init
                0x00000000        0x4 e:/program files (x86)/atmel/studio/7.0/toolchain/arm/arm-gnu-toolchain/bin/../lib/gcc/arm-none-eabi/6.3.1/../../../../arm-none-eabi/lib/thumb/v6-m\libc.a(lib_a-lock.o)
 .text.__retarget_lock_init_recursive
                0x00000000        0x4 e:/program files (x86)/atmel/studio/7.0/toolchain/arm/arm-gnu-toolchain/bin/../lib/gcc/arm-none-eabi/6.3.1/../../../../arm-none-eabi/lib/thumb/v6-m\libc.a(lib_a-lock.o)
 .text.__retarget_lock_close
                0x00000000        0x4 e:/program files (x86)/atmel/studio/7.0/toolchain/arm/arm-gnu-toolchain/bin/../lib/gcc/arm-none-eabi/6.3.1/../../../../arm-none-eabi/lib/thumb/v6-m\libc.a(lib_a-lock.o)
 .text.__retarget_lock_close_recursive
                0x00000000        0x4 e:/program files (x86)/atmel/studio/7.0/toolchain/arm/arm-gnu-toolchain/bin/../lib/gcc/arm-none-eabi/6.3.1/../../../../arm-none-eabi/lib/thumb/v6-m\libc.a(lib_a-lock.o)
 .text.__retarget_lock_acquire
                0x00000000        0x4 e:/program files (x86)/atmel/studio/7.0/toolchain/arm/arm-gnu-toolchain/bin/../lib/gcc/arm-none-eabi/6.3.1/../../../../arm-none-eabi/lib/thumb/v6-m\libc.a(lib_a-lock.o)
 .text.__retarget_lock_try_acquire
                0x00000000        0x4 e:/program files (x86)/atmel/studio/7.0/toolchain/arm/arm-gnu-toolchain/bin/../lib/gcc/arm-none-eabi/6.3.1/../../../../arm-none-eabi/lib/thumb/v6-m\libc.a(lib_a-lock.o)
 .text.__retarget_lock_try_acquire_recursive
                0x00000000        0x4 e:/program files (x86)/atmel/studio/7.0/toolchain/arm/arm-gnu-toolchain/bin/../lib/gcc/arm-none-eabi/6.3.1/../../../../arm-none-eabi/lib/thumb/v6-m\libc.a(lib_a-lock.o)
 .text.__retarget_lock_release
                0x00000000        0x4 e:/program files (x86)/atmel/studio/7.0/toolchain/arm/arm-gnu-toolchain/bin/../lib/gcc/arm-none-eabi/6.3.1/../../../../arm-none-eabi/lib/thumb/v6-m\libc.a(lib_a-lock.o)
 .text          0x00000000        0x0 e:/program files (x86)/atmel/studio/7.0/toolchain/arm/arm-gnu-toolchain/bin/../lib/gcc/arm-none-eabi/6.3.1/../../../../arm-none-eabi/lib/thumb/v6-m\libc.a(lib_a-__atexit.o)
 .data          0x00000000        0x0 e:/program files (x86)/atmel/studio/7.0/toolchain/arm/arm-gnu-toolchain/bin/../lib/gcc/arm-none-eabi/6.3.1/../../../../arm-none-eabi/lib/thumb/v6-m\libc.a(lib_a-__atexit.o)
 .bss           0x00000000        0x0 e:/program files (x86)/atmel/studio/7.0/toolchain/arm/arm-gnu-toolchain/bin/../lib/gcc/arm-none-eabi/6.3.1/../../../../arm-none-eabi/lib/thumb/v6-m\libc.a(lib_a-__atexit.o)
 .text          0x00000000        0x0 e:/program files (x86)/atmel/studio/7.0/toolchain/arm/arm-gnu-toolchain/bin/../lib/gcc/arm-none-eabi/6.3.1/thumb/v6-m/crtend.o
 .data          0x00000000        0x0 e:/program files (x86)/atmel/studio/7.0/toolchain/arm/arm-gnu-toolchain/bin/../lib/gcc/arm-none-eabi/6.3.1/thumb/v6-m/crtend.o
 .bss           0x00000000        0x0 e:/program files (x86)/atmel/studio/7.0/toolchain/arm/arm-gnu-toolchain/bin/../lib/gcc/arm-none-eabi/6.3.1/thumb/v6-m/crtend.o
 .eh_frame      0x00000000        0x4 e:/program files (x86)/atmel/studio/7.0/toolchain/arm/arm-gnu-toolchain/bin/../lib/gcc/arm-none-eabi/6.3.1/thumb/v6-m/crtend.o
 .jcr           0x00000000        0x4 e:/program files (x86)/atmel/studio/7.0/toolchain/arm/arm-gnu-toolchain/bin/../lib/gcc/arm-none-eabi/6.3.1/thumb/v6-m/crtend.o
 .ARM.attributes
                0x00000000       0x2c e:/program files (x86)/atmel/studio/7.0/toolchain/arm/arm-gnu-toolchain/bin/../lib/gcc/arm-none-eabi/6.3.1/thumb/v6-m/crtend.o
 .text          0x00000000        0x0 e:/program files (x86)/atmel/studio/7.0/toolchain/arm/arm-gnu-toolchain/bin/../lib/gcc/arm-none-eabi/6.3.1/thumb/v6-m/crtn.o
 .data          0x00000000        0x0 e:/program files (x86)/atmel/studio/7.0/toolchain/arm/arm-gnu-toolchain/bin/../lib/gcc/arm-none-eabi/6.3.1/thumb/v6-m/crtn.o
 .bss           0x00000000        0x0 e:/program files (x86)/atmel/studio/7.0/toolchain/arm/arm-gnu-toolchain/bin/../lib/gcc/arm-none-eabi/6.3.1/thumb/v6-m/crtn.o

Memory Configuration

Name             Origin             Length             Attributes
rom              0x00000000         0x00040000         xr
ram              0x20000000         0x00008000         xrw
*default*        0x00000000         0xffffffff

Linker script and memory map

LOAD e:/program files (x86)/atmel/studio/7.0/toolchain/arm/arm-gnu-toolchain/bin/../lib/gcc/arm-none-eabi/6.3.1/thumb/v6-m/crti.o
LOAD e:/program files (x86)/atmel/studio/7.0/toolchain/arm/arm-gnu-toolchain/bin/../lib/gcc/arm-none-eabi/6.3.1/thumb/v6-m/crtbegin.o
LOAD e:/program files (x86)/atmel/studio/7.0/toolchain/arm/arm-gnu-toolchain/bin/../lib/gcc/arm-none-eabi/6.3.1/../../../../arm-none-eabi/lib/thumb/v6-m/crt0.o
LOAD Device_Startup/startup_samr21.o
LOAD Device_Startup/system_samr21.o
LOAD main.o
START GROUP
LOAD e:/program files (x86)/atmel/studio/7.0/toolchain/arm/arm-gnu-toolchain/bin/../lib/gcc/arm-none-eabi/6.3.1/../../../../arm-none-eabi/lib/thumb/v6-m\libm.a
END GROUP
START GROUP
LOAD e:/program files (x86)/atmel/studio/7.0/toolchain/arm/arm-gnu-toolchain/bin/../lib/gcc/arm-none-eabi/6.3.1/thumb/v6-m\libgcc.a
LOAD e:/program files (x86)/atmel/studio/7.0/toolchain/arm/arm-gnu-toolchain/bin/../lib/gcc/arm-none-eabi/6.3.1/../../../../arm-none-eabi/lib/thumb/v6-m\libc.a
END GROUP
LOAD e:/program files (x86)/atmel/studio/7.0/toolchain/arm/arm-gnu-toolchain/bin/../lib/gcc/arm-none-eabi/6.3.1/thumb/v6-m/crtend.o
LOAD e:/program files (x86)/atmel/studio/7.0/toolchain/arm/arm-gnu-toolchain/bin/../lib/gcc/arm-none-eabi/6.3.1/thumb/v6-m/crtn.o
                0x00002000                STACK_SIZE = DEFINED (STACK_SIZE)?STACK_SIZE:DEFINED (__stack_size__)?__stack_size__:0x2000

.text           0x00000000      0x3e0
                0x00000000                . = ALIGN (0x4)
                0x00000000                _sfixed = .
 *(.vectors .vectors.*)
 .vectors       0x00000000       0xb4 Device_Startup/startup_samr21.o
                0x00000000                exception_table
 *(.text .text.* .gnu.linkonce.t.*)
 .text          0x000000b4       0x60 e:/program files (x86)/atmel/studio/7.0/toolchain/arm/arm-gnu-toolchain/bin/../lib/gcc/arm-none-eabi/6.3.1/thumb/v6-m/crtbegin.o
 .text.Dummy_Handler
                0x00000114        0x2 Device_Startup/startup_samr21.o
                0x00000114                DMAC_Handler
                0x00000114                HardFault_Handler
                0x00000114                AC_Handler
                0x00000114                SysTick_Handler
                0x00000114                PendSV_Handler
                0x00000114                NMI_Handler
                0x00000114                TC7_Handler
                0x00000114                SERCOM1_Handler
                0x00000114                ADC_Handler
                0x00000114                TCC1_Handler
                0x00000114                SERCOM2_Handler
                0x00000114                TCC0_Handler
                0x00000114                RTC_Handler
                0x00000114                EIC_Handler
                0x00000114                TC6_Handler
                0x00000114                WDT_Handler
                0x00000114                TC4_Handler
                0x00000114                USB_Handler
                0x00000114                TC3_Handler
                0x00000114                Dummy_Handler
                0x00000114                PM_Handler
                0x00000114                SERCOM5_Handler
                0x00000114                SVC_Handler
                0x00000114                TCC2_Handler
                0x00000114                EVSYS_Handler
                0x00000114                SERCOM3_Handler
                0x00000114                SERCOM4_Handler
                0x00000114                NVMCTRL_Handler
                0x00000114                SERCOM0_Handler
                0x00000114                DAC_Handler
                0x00000114                PTC_Handler
                0x00000114                TC5_Handler
                0x00000114                SYSCTRL_Handler
 *fill*         0x00000116        0x2 
 .text.Reset_Handler
                0x00000118       0xe4 Device_Startup/startup_samr21.o
                0x00000118                Reset_Handler
 .text.SystemInit
                0x000001fc       0x10 Device_Startup/system_samr21.o
                0x000001fc                SystemInit
 .text.main     0x0000020c        0xc main.o
                0x0000020c                main
 .text.__libc_init_array
                0x00000218       0x48 e:/program files (x86)/atmel/studio/7.0/toolchain/arm/arm-gnu-toolchain/bin/../lib/gcc/arm-none-eabi/6.3.1/../../../../arm-none-eabi/lib/thumb/v6-m\libc.a(lib_a-init.o)
                0x00000218                __libc_init_array
 .text.startup.register_fini
                0x00000260       0x18 e:/program files (x86)/atmel/studio/7.0/toolchain/arm/arm-gnu-toolchain/bin/../lib/gcc/arm-none-eabi/6.3.1/../../../../arm-none-eabi/lib/thumb/v6-m\libc.a(lib_a-__call_atexit.o)
 .text.atexit   0x00000278       0x10 e:/program files (x86)/atmel/studio/7.0/toolchain/arm/arm-gnu-toolchain/bin/../lib/gcc/arm-none-eabi/6.3.1/../../../../arm-none-eabi/lib/thumb/v6-m\libc.a(lib_a-atexit.o)
                0x00000278                atexit
 .text.__libc_fini_array
                0x00000288       0x34 e:/program files (x86)/atmel/studio/7.0/toolchain/arm/arm-gnu-toolchain/bin/../lib/gcc/arm-none-eabi/6.3.1/../../../../arm-none-eabi/lib/thumb/v6-m\libc.a(lib_a-fini.o)
                0x00000288                __libc_fini_array
 .text.__retarget_lock_acquire_recursive
                0x000002bc        0x4 e:/program files (x86)/atmel/studio/7.0/toolchain/arm/arm-gnu-toolchain/bin/../lib/gcc/arm-none-eabi/6.3.1/../../../../arm-none-eabi/lib/thumb/v6-m\libc.a(lib_a-lock.o)
                0x000002bc                __retarget_lock_acquire_recursive
 .text.__retarget_lock_release_recursive
                0x000002c0        0x4 e:/program files (x86)/atmel/studio/7.0/toolchain/arm/arm-gnu-toolchain/bin/../lib/gcc/arm-none-eabi/6.3.1/../../../../arm-none-eabi/lib/thumb/v6-m\libc.a(lib_a-lock.o)
                0x000002c0                __retarget_lock_release_recursive
 .text.__register_exitproc
                0x000002c4       0xf4 e:/program files (x86)/atmel/studio/7.0/toolchain/arm/arm-gnu-toolchain/bin/../lib/gcc/arm-none-eabi/6.3.1/../../../../arm-none-eabi/lib/thumb/v6-m\libc.a(lib_a-__atexit.o)
                0x000002c4                __register_exitproc
 *(.glue_7t)
 .glue_7t       0x000003b8        0x0 linker stubs
 *(.glue_7)
 .glue_7        0x000003b8        0x0 linker stubs
 *(.rodata .rodata* .gnu.linkonce.r.*)
 .rodata._global_impure_ptr
                0x000003b8        0x4 e:/program files (x86)/atmel/studio/7.0/toolchain/arm/arm-gnu-toolchain/bin/../lib/gcc/arm-none-eabi/6.3.1/../../../../arm-none-eabi/lib/thumb/v6-m\libc.a(lib_a-impure.o)
                0x000003b8                _global_impure_ptr
 *(.ARM.extab* .gnu.linkonce.armextab.*)
                0x000003bc                . = ALIGN (0x4)
 *(.init)
 .init          0x000003bc        0x4 e:/program files (x86)/atmel/studio/7.0/toolchain/arm/arm-gnu-toolchain/bin/../lib/gcc/arm-none-eabi/6.3.1/thumb/v6-m/crti.o
                0x000003bc                _init
 .init          0x000003c0        0x8 e:/program files (x86)/atmel/studio/7.0/toolchain/arm/arm-gnu-toolchain/bin/../lib/gcc/arm-none-eabi/6.3.1/thumb/v6-m/crtn.o
                0x000003c8                . = ALIGN (0x4)
                0x000003c8                __preinit_array_start = .
 *(.preinit_array)
                0x000003c8                __preinit_array_end = .
                0x000003c8                . = ALIGN (0x4)
                0x000003c8                __init_array_start = .
 *(SORT(.init_array.*))
 .init_array.00000
                0x000003c8        0x4 e:/program files (x86)/atmel/studio/7.0/toolchain/arm/arm-gnu-toolchain/bin/../lib/gcc/arm-none-eabi/6.3.1/../../../../arm-none-eabi/lib/thumb/v6-m\libc.a(lib_a-__call_atexit.o)
 *(.init_array)
 .init_array    0x000003cc        0x4 e:/program files (x86)/atmel/studio/7.0/toolchain/arm/arm-gnu-toolchain/bin/../lib/gcc/arm-none-eabi/6.3.1/thumb/v6-m/crtbegin.o
                0x000003d0                __init_array_end = .
                0x000003d0                . = ALIGN (0x4)
 *crtbegin.o(.ctors)
 *(EXCLUDE_FILE(*crtend.o) .ctors)
 *(SORT(.ctors.*))
 *crtend.o(.ctors)
                0x000003d0                . = ALIGN (0x4)
 *(.fini)
 .fini          0x000003d0        0x4 e:/program files (x86)/atmel/studio/7.0/toolchain/arm/arm-gnu-toolchain/bin/../lib/gcc/arm-none-eabi/6.3.1/thumb/v6-m/crti.o
                0x000003d0                _fini
 .fini          0x000003d4        0x8 e:/program files (x86)/atmel/studio/7.0/toolchain/arm/arm-gnu-toolchain/bin/../lib/gcc/arm-none-eabi/6.3.1/thumb/v6-m/crtn.o
                0x000003dc                . = ALIGN (0x4)
                0x000003dc                __fini_array_start = .
 *(.fini_array)
 .fini_array    0x000003dc        0x4 e:/program files (x86)/atmel/studio/7.0/toolchain/arm/arm-gnu-toolchain/bin/../lib/gcc/arm-none-eabi/6.3.1/thumb/v6-m/crtbegin.o
 *(SORT(.fini_array.*))
                0x000003e0                __fini_array_end = .
 *crtbegin.o(.dtors)
 *(EXCLUDE_FILE(*crtend.o) .dtors)
 *(SORT(.dtors.*))
 *crtend.o(.dtors)
                0x000003e0                . = ALIGN (0x4)
                0x000003e0                _efixed = .
                [!provide]                PROVIDE (__exidx_start, .)

.vfp11_veneer   0x000003e0        0x0
 .vfp11_veneer  0x000003e0        0x0 linker stubs

.v4_bx          0x000003e0        0x0
 .v4_bx         0x000003e0        0x0 linker stubs

.iplt           0x000003e0        0x0
 .iplt          0x000003e0        0x0 e:/program files (x86)/atmel/studio/7.0/toolchain/arm/arm-gnu-toolchain/bin/../lib/gcc/arm-none-eabi/6.3.1/thumb/v6-m/crtbegin.o

.eh_frame       0x000003e0        0x0
 .eh_frame      0x000003e0        0x0 e:/program files (x86)/atmel/studio/7.0/toolchain/arm/arm-gnu-toolchain/bin/../lib/gcc/arm-none-eabi/6.3.1/thumb/v6-m/crtbegin.o

.rel.dyn        0x000003e0        0x0
 .rel.iplt      0x000003e0        0x0 e:/program files (x86)/atmel/studio/7.0/toolchain/arm/arm-gnu-toolchain/bin/../lib/gcc/arm-none-eabi/6.3.1/thumb/v6-m/crtbegin.o

.jcr            0x000003e0        0x0
 .jcr           0x000003e0        0x0 e:/program files (x86)/atmel/studio/7.0/toolchain/arm/arm-gnu-toolchain/bin/../lib/gcc/arm-none-eabi/6.3.1/thumb/v6-m/crtbegin.o

.igot.plt       0x000003e0        0x0
 .igot.plt      0x000003e0        0x0 e:/program files (x86)/atmel/studio/7.0/toolchain/arm/arm-gnu-toolchain/bin/../lib/gcc/arm-none-eabi/6.3.1/thumb/v6-m/crtbegin.o

.ARM.exidx
 *(.ARM.exidx* .gnu.linkonce.armexidx.*)
                [!provide]                PROVIDE (__exidx_end, .)
                0x000003e0                . = ALIGN (0x4)
                0x000003e0                _etext = .

.relocate       0x20000000      0x434 load address 0x000003e0
                0x20000000                . = ALIGN (0x4)
                0x20000000                _srelocate = .
 *(.ramfunc .ramfunc.*)
 *(.data .data.*)
 .data          0x20000000        0x4 Device_Startup/system_samr21.o
                0x20000000                SystemCoreClock
 *fill*         0x20000004        0x4 
 .data.impure_data
                0x20000008      0x428 e:/program files (x86)/atmel/studio/7.0/toolchain/arm/arm-gnu-toolchain/bin/../lib/gcc/arm-none-eabi/6.3.1/../../../../arm-none-eabi/lib/thumb/v6-m\libc.a(lib_a-impure.o)
 .data.__atexit_recursive_mutex
                0x20000430        0x4 e:/program files (x86)/atmel/studio/7.0/toolchain/arm/arm-gnu-toolchain/bin/../lib/gcc/arm-none-eabi/6.3.1/../../../../arm-none-eabi/lib/thumb/v6-m\libc.a(lib_a-__call_atexit.o)
                0x20000430                __atexit_recursive_mutex
                0x20000434                . = ALIGN (0x4)
                0x20000434                _erelocate = .

.bss            0x20000434       0x40 load address 0x00000814
                0x20000434                . = ALIGN (0x4)
                0x20000434                _sbss = .
                0x20000434                _szero = .
 *(.bss .bss.*)
 .bss           0x20000434       0x1c e:/program files (x86)/atmel/studio/7.0/toolchain/arm/arm-gnu-toolchain/bin/../lib/gcc/arm-none-eabi/6.3.1/thumb/v6-m/crtbegin.o
 *(COMMON)
 COMMON         0x20000450       0x21 e:/program files (x86)/atmel/studio/7.0/toolchain/arm/arm-gnu-toolchain/bin/../lib/gcc/arm-none-eabi/6.3.1/../../../../arm-none-eabi/lib/thumb/v6-m\libc.a(lib_a-lock.o)
                0x20000450                __lock___atexit_recursive_mutex
                0x20000454                __lock___arc4random_mutex
                0x20000458                __lock___env_recursive_mutex
                0x2000045c                __lock___sinit_recursive_mutex
                0x20000460                __lock___malloc_recursive_mutex
                0x20000464                __lock___at_quick_exit_mutex
                0x20000468                __lock___dd_hash_mutex
                0x2000046c                __lock___tz_mutex
                0x20000470                __lock___sfp_recursive_mutex
                0x20000474                . = ALIGN (0x4)
 *fill*         0x20000471        0x3 
                0x20000474                _ebss = .
                0x20000474                _ezero = .

.stack          0x20000474     0x2004 load address 0x00000854
                0x20000478                . = ALIGN (0x8)
 *fill*         0x20000474        0x4 
                0x20000478                _sstack = .
                0x20002478                . = (. + STACK_SIZE)
 *fill*         0x20000478     0x2000 
                0x20002478                . = ALIGN (0x8)
                0x20002478                _estack = .
                0x20002478                . = ALIGN (0x4)
                0x20002478                _end = .
OUTPUT(ADC_driver.elf elf32-littlearm)

.ARM.attributes
                0x00000000       0x28
 .ARM.attributes
                0x00000000       0x1e e:/program files (x86)/atmel/studio/7.0/toolchain/arm/arm-gnu-toolchain/bin/../lib/gcc/arm-none-eabi/6.3.1/thumb/v6-m/crti.o
 .ARM.attributes
                0x0000001e       0x2c e:/program files (x86)/atmel/studio/7.0/toolchain/arm/arm-gnu-toolchain/bin/../lib/gcc/arm-none-eabi/6.3.1/thumb/v6-m/crtbegin.o
 .ARM.attributes
                0x0000004a       0x32 Device_Startup/startup_samr21.o
 .ARM.attributes
                0x0000007c       0x32 Device_Startup/system_samr21.o
 .ARM.attributes
                0x000000ae       0x32 main.o
 .ARM.attributes
                0x000000e0       0x2c e:/program files (x86)/atmel/studio/7.0/toolchain/arm/arm-gnu-toolchain/bin/../lib/gcc/arm-none-eabi/6.3.1/../../../../arm-none-eabi/lib/thumb/v6-m\libc.a(lib_a-impure.o)
 .ARM.attributes
                0x0000010c       0x2c e:/program files (x86)/atmel/studio/7.0/toolchain/arm/arm-gnu-toolchain/bin/../lib/gcc/arm-none-eabi/6.3.1/../../../../arm-none-eabi/lib/thumb/v6-m\libc.a(lib_a-init.o)
 .ARM.attributes
                0x00000138       0x2c e:/program files (x86)/atmel/studio/7.0/toolchain/arm/arm-gnu-toolchain/bin/../lib/gcc/arm-none-eabi/6.3.1/../../../../arm-none-eabi/lib/thumb/v6-m\libc.a(lib_a-__call_atexit.o)
 .ARM.attributes
                0x00000164       0x2c e:/program files (x86)/atmel/studio/7.0/toolchain/arm/arm-gnu-toolchain/bin/../lib/gcc/arm-none-eabi/6.3.1/../../../../arm-none-eabi/lib/thumb/v6-m\libc.a(lib_a-atexit.o)
 .ARM.attributes
                0x00000190       0x2c e:/program files (x86)/atmel/studio/7.0/toolchain/arm/arm-gnu-toolchain/bin/../lib/gcc/arm-none-eabi/6.3.1/../../../../arm-none-eabi/lib/thumb/v6-m\libc.a(lib_a-fini.o)
 .ARM.attributes
                0x000001bc       0x2c e:/program files (x86)/atmel/studio/7.0/toolchain/arm/arm-gnu-toolchain/bin/../lib/gcc/arm-none-eabi/6.3.1/../../../../arm-none-eabi/lib/thumb/v6-m\libc.a(lib_a-lock.o)
 .ARM.attributes
                0x000001e8       0x2c e:/program files (x86)/atmel/studio/7.0/toolchain/arm/arm-gnu-toolchain/bin/../lib/gcc/arm-none-eabi/6.3.1/../../../../arm-none-eabi/lib/thumb/v6-m\libc.a(lib_a-__atexit.o)
 .ARM.attributes
                0x00000214       0x1e e:/program files (x86)/atmel/studio/7.0/toolchain/arm/arm-gnu-toolchain/bin/../lib/gcc/arm-none-eabi/6.3.1/thumb/v6-m/crtn.o

.comment        0x00000000       0x59
 .comment       0x00000000       0x59 Device_Startup/startup_samr21.o
                                 0x5a (size before relaxing)
 .comment       0x00000059       0x5a Device_Startup/system_samr21.o
 .comment       0x00000059       0x5a main.o

.debug_info     0x00000000     0x3bcf
 .debug_info    0x00000000     0x3a27 Device_Startup/startup_samr21.o
 .debug_info    0x00003a27       0xd5 Device_Startup/system_samr21.o
 .debug_info    0x00003afc       0xd3 main.o

.debug_abbrev   0x00000000      0x32c
 .debug_abbrev  0x00000000      0x234 Device_Startup/startup_samr21.o
 .debug_abbrev  0x00000234       0x72 Device_Startup/system_samr21.o
 .debug_abbrev  0x000002a6       0x86 main.o

.debug_loc      0x00000000       0x60
 .debug_loc     0x00000000       0x40 Device_Startup/startup_samr21.o
 .debug_loc     0x00000040       0x20 main.o

.debug_aranges  0x00000000       0x70
 .debug_aranges
                0x00000000       0x28 Device_Startup/startup_samr21.o
 .debug_aranges
                0x00000028       0x28 Device_Startup/system_samr21.o
 .debug_aranges
                0x00000050       0x20 main.o

.debug_ranges   0x00000000       0x40
 .debug_ranges  0x00000000       0x18 Device_Startup/startup_samr21.o
 .debug_ranges  0x00000018       0x18 Device_Startup/system_samr21.o
 .debug_ranges  0x00000030       0x10 main.o

.debug_macro    0x00000000    0x10984
 .debug_macro   0x00000000      0x2f7 Device_Startup/startup_samr21.o
 .debug_macro   0x000002f7      0x89e Device_Startup/startup_samr21.o
 .debug_macro   0x00000b95       0x22 Device_Startup/startup_samr21.o
 .debug_macro   0x00000bb7       0x87 Device_Startup/startup_samr21.o
 .debug_macro   0x00000c3e       0x51 Device_Startup/startup_samr21.o
 .debug_macro   0x00000c8f       0xef Device_Startup/startup_samr21.o
 .debug_macro   0x00000d7e       0x6a Device_Startup/startup_samr21.o
 .debug_macro   0x00000de8      0x1df Device_Startup/startup_samr21.o
 .debug_macro   0x00000fc7       0x40 Device_Startup/startup_samr21.o
 .debug_macro   0x00001007       0x28 Device_Startup/startup_samr21.o
 .debug_macro   0x0000102f       0x85 Device_Startup/startup_samr21.o
 .debug_macro   0x000010b4      0x375 Device_Startup/startup_samr21.o
 .debug_macro   0x00001429      0x67d Device_Startup/startup_samr21.o
 .debug_macro   0x00001aa6      0x8b0 Device_Startup/startup_samr21.o
 .debug_macro   0x00002356      0x22e Device_Startup/startup_samr21.o
 .debug_macro   0x00002584      0xd5c Device_Startup/startup_samr21.o
 .debug_macro   0x000032e0      0x4c6 Device_Startup/startup_samr21.o
 .debug_macro   0x000037a6      0x9f6 Device_Startup/startup_samr21.o
 .debug_macro   0x0000419c      0x82a Device_Startup/startup_samr21.o
 .debug_macro   0x000049c6      0x450 Device_Startup/startup_samr21.o
 .debug_macro   0x00004e16       0x5e Device_Startup/startup_samr21.o
 .debug_macro   0x00004e74      0x21c Device_Startup/startup_samr21.o
 .debug_macro   0x00005090      0x734 Device_Startup/startup_samr21.o
 .debug_macro   0x000057c4       0x5e Device_Startup/startup_samr21.o
 .debug_macro   0x00005822      0x631 Device_Startup/startup_samr21.o
 .debug_macro   0x00005e53      0x3ab Device_Startup/startup_samr21.o
 .debug_macro   0x000061fe       0x94 Device_Startup/startup_samr21.o
 .debug_macro   0x00006292      0xc75 Device_Startup/startup_samr21.o
 .debug_macro   0x00006f07     0x1092 Device_Startup/startup_samr21.o
 .debug_macro   0x00007f99      0xc4a Device_Startup/startup_samr21.o
 .debug_macro   0x00008be3      0x6ba Device_Startup/startup_samr21.o
 .debug_macro   0x0000929d     0x1b3c Device_Startup/startup_samr21.o
 .debug_macro   0x0000add9     0x143b Device_Startup/startup_samr21.o
 .debug_macro   0x0000c214      0x33f Device_Startup/startup_samr21.o
 .debug_macro   0x0000c553       0x7c Device_Startup/startup_samr21.o
 .debug_macro   0x0000c5cf       0xa0 Device_Startup/startup_samr21.o
 .debug_macro   0x0000c66f       0x4c Device_Startup/startup_samr21.o
 .debug_macro   0x0000c6bb       0xca Device_Startup/startup_samr21.o
 .debug_macro   0x0000c785       0x94 Device_Startup/startup_samr21.o
 .debug_macro   0x0000c819       0x58 Device_Startup/startup_samr21.o
 .debug_macro   0x0000c871      0x340 Device_Startup/startup_samr21.o
 .debug_macro   0x0000cbb1       0x82 Device_Startup/startup_samr21.o
 .debug_macro   0x0000cc33      0x188 Device_Startup/startup_samr21.o
 .debug_macro   0x0000cdbb       0xa0 Device_Startup/startup_samr21.o
 .debug_macro   0x0000ce5b       0xb2 Device_Startup/startup_samr21.o
 .debug_macro   0x0000cf0d       0x1c Device_Startup/startup_samr21.o
 .debug_macro   0x0000cf29       0x1c Device_Startup/startup_samr21.o
 .debug_macro   0x0000cf45       0x1c Device_Startup/startup_samr21.o
 .debug_macro   0x0000cf61       0x7c Device_Startup/startup_samr21.o
 .debug_macro   0x0000cfdd      0x1ba Device_Startup/startup_samr21.o
 .debug_macro   0x0000d197       0x16 Device_Startup/startup_samr21.o
 .debug_macro   0x0000d1ad       0xdc Device_Startup/startup_samr21.o
 .debug_macro   0x0000d289      0x124 Device_Startup/startup_samr21.o
 .debug_macro   0x0000d3ad      0x124 Device_Startup/startup_samr21.o
 .debug_macro   0x0000d4d1      0x124 Device_Startup/startup_samr21.o
 .debug_macro   0x0000d5f5      0x124 Device_Startup/startup_samr21.o
 .debug_macro   0x0000d719      0x124 Device_Startup/startup_samr21.o
 .debug_macro   0x0000d83d      0x124 Device_Startup/startup_samr21.o
 .debug_macro   0x0000d961      0x124 Device_Startup/startup_samr21.o
 .debug_macro   0x0000da85       0xe2 Device_Startup/startup_samr21.o
 .debug_macro   0x0000db67       0xe2 Device_Startup/startup_samr21.o
 .debug_macro   0x0000dc49       0xe2 Device_Startup/startup_samr21.o
 .debug_macro   0x0000dd2b       0xe2 Device_Startup/startup_samr21.o
 .debug_macro   0x0000de0d       0xe2 Device_Startup/startup_samr21.o
 .debug_macro   0x0000deef      0x12a Device_Startup/startup_samr21.o
 .debug_macro   0x0000e019      0x100 Device_Startup/startup_samr21.o
 .debug_macro   0x0000e119       0xf4 Device_Startup/startup_samr21.o
 .debug_macro   0x0000e20d      0x40f Device_Startup/startup_samr21.o
 .debug_macro   0x0000e61c       0x40 Device_Startup/startup_samr21.o
 .debug_macro   0x0000e65c      0x392 Device_Startup/startup_samr21.o
 .debug_macro   0x0000e9ee     0x192e Device_Startup/startup_samr21.o
 .debug_macro   0x0001031c       0x74 Device_Startup/startup_samr21.o
 .debug_macro   0x00010390      0x2fd Device_Startup/system_samr21.o
 .debug_macro   0x0001068d      0x2f7 main.o

.debug_line     0x00000000     0x1409
 .debug_line    0x00000000      0x6ca Device_Startup/startup_samr21.o
 .debug_line    0x000006ca      0x6b5 Device_Startup/system_samr21.o
 .debug_line    0x00000d7f      0x68a main.o

.debug_str      0x00000000    0x698a6
 .debug_str     0x00000000    0x69837 Device_Startup/startup_samr21.o
                              0x69c52 (size before relaxing)
 .debug_str     0x00069837       0x5c Device_Startup/system_samr21.o
                              0x68ae2 (size before relaxing)
 .debug_str     0x00069893       0x13 main.o
                              0x68a9f (size before relaxing)

.debug_frame    0x00000000      0x258
 .debug_frame   0x00000000       0x40 Device_Startup/startup_samr21.o
 .debug_frame   0x00000040       0x30 Device_Startup/system_samr21.o
 .debug_frame   0x00000070       0x28 main.o
 .debug_frame   0x00000098       0x2c e:/program files (x86)/atmel/studio/7.0/toolchain/arm/arm-gnu-toolchain/bin/../lib/gcc/arm-none-eabi/6.3.1/../../../../arm-none-eabi/lib/thumb/v6-m\libc.a(lib_a-init.o)
 .debug_frame   0x000000c4       0x54 e:/program files (x86)/atmel/studio/7.0/toolchain/arm/arm-gnu-toolchain/bin/../lib/gcc/arm-none-eabi/6.3.1/../../../../arm-none-eabi/lib/thumb/v6-m\libc.a(lib_a-__call_atexit.o)
 .debug_frame   0x00000118       0x28 e:/program files (x86)/atmel/studio/7.0/toolchain/arm/arm-gnu-toolchain/bin/../lib/gcc/arm-none-eabi/6.3.1/../../../../arm-none-eabi/lib/thumb/v6-m\libc.a(lib_a-atexit.o)
 .debug_frame   0x00000140       0x2c e:/program files (x86)/atmel/studio/7.0/toolchain/arm/arm-gnu-toolchain/bin/../lib/gcc/arm-none-eabi/6.3.1/../../../../arm-none-eabi/lib/thumb/v6-m\libc.a(lib_a-fini.o)
 .debug_frame   0x0000016c       0xb0 e:/program files (x86)/atmel/studio/7.0/toolchain/arm/arm-gnu-toolchain/bin/../lib/gcc/arm-none-eabi/6.3.1/../../../../arm-none-eabi/lib/thumb/v6-m\libc.a(lib_a-lock.o)
 .debug_frame   0x0000021c       0x3c e:/program files (x86)/atmel/studio/7.0/toolchain/arm/arm-gnu-toolchain/bin/../lib/gcc/arm-none-eabi/6.3.1/../../../../arm-none-eabi/lib/thumb/v6-m\libc.a(lib_a-__atexit.o)
